100x60# xio
##############################################i#############
##        #####          #    #   ##           #   #       #
#  #      #  #      #   #  # #  #   ## ## ### # #   # ###  #
#   #  #   #     ###### #   #           #     # ##  #  #  ##
#   #  #   ##         #   #    ##           #      #  #    #
#   # #               #      #  # #    #          ##    ## #
# ##  #           ## # #      ## #      #       #          #
### ##    #    #   #        # #         # #   ##        #  #
#   ###   #     ## #    #  # #                  #   #  #  ##
#     ##     ## ##  # ##          ## #### ##   ##       #  #
##    # #   #                                      ##  # # #
#    #  # #   #     #   #      #        ## #   ##  ##      #
#    #  # # #  #        # #          #             ##      #
# #  ##    # #  ##     # #    #  #   ## #      ## #  #   ###
#        #   ##       #    ##       #         ##          ##
# #    #      #           # #   #     # #     #       # ## #
#    #   ##   #                  # #  # #              ##  #
#    # #         ###  # # ###          # #   ##     # #    #
##  # #     #    ##              #    #   #      #  # #    #
#         #   #   ##      #  #####     # # #  # #          #
#        #  #        #  #   #  # ##                 #      #
### #       # ##                             ##         # ##
#  # #  ##   #  ##    #        #  #       #    # ## ##     #
# #  #  #     #   #      #            # ##            #    #
#               # ###         #       #     #          ### #
#   #            # #  #   #     # ##        ## ##     ##   #
#        #   #          ## ##  #   ###                # #  #
#                  #          #  #     #  #   ##     # # # #
##           #  # #       ##  # ##    #  #  #              #
#         #  #    #          # #      # #  # #   #  ###   ##
##  #####  #  # #    #      ##  ## #  ##  # #         #  # #
##     ##          #     #         #   #          #  #     #
#   # #             #        #        #         #          #
#  #              #  ##       #   # #               #   ## #
#        ###     #      #   #  # #  #    #      # #       ##
# ##    #        #      ##  # #         ###      #   # ##  #
#   #   #   ###            ## ##      #   #  #          #  #
##   #       #   #          #  #     ##  ##          #   # #
#    #       #              #       #     #   # # #  #     #
##     #  #          ##   #     #    # #                   #
#        #     #         # #     ##    #     #   #  # #  # #
#            ##          # # #      ## #        #   # #  # #
#           #      #  #   ## #    ##                #  #   #
#  # ##     # #         ##  #          #             ###   #
###         ## #   ##    #     #    ### #    #   #         #
#   #   # #        #  #     # #      #          # #   #    #
#        # #        #  #    #  #  ##  # #    ##    #  #    #
###   # #     #     #                  #           ##   #  #
#  # #     #  ## #               ##              #         #
#      #  #   #  #     ##      #             #   ##   # #  #
#  #          # ##   #   ##               #        ##      #
#  #  # # #   # ##  #  #     ##  # #     # #   ##  ##   #  #
# #    ###   #  #  # # #   ## # #      #        #    #     #
#     ##    #     #                       #         # ######
#    # #              #  #     #     ##     #         ##  ##
#            ##   # ##    #     # # ## #   #  #    ##  # ###
#     #   #    #   #           #   ##    #      #     #  # #
#  # #      #        ##       #    # #     #   #   ##      #
#       # ##     #  #    #    # #  #          ### #        #
##     #   #  # #      #           #      ## #  ##    ##  ##
#      ##  #                #     ##        # # ##    #    #
#   #        #      #  # #        ##           # #  #   #  #
#   #  # # #               #    #                 #    ## ##
#     #   #     # #   ## # #              # #      #  # # ##
##        #       # #  ##      #     #    ##   #   #   #  ##
#   #   #          #         #  #  ##        #    #    # # #
#                        #  #  #              #   #  #     #
#          ####   #   # # #    #  #   # #   # ##  #        #
#  ##     #         #      #  ###    # #  #         #  # # #
# #  ##        ##   # #  ###  #  #          # #   ##     # #
#  ##    ##  #  # #      ##      #   #        #        #   #
#   #      # ###     #         # # #       ##        #     #
#    #     # #              # #                  #  #      #
#        #    #    # # # #  #    #   #     # #  #        # #
#  #   #   #  ###  #  ###            ##      ##     #  #   #
# #          ##  #     ## #    #       #    # ##    #      #
#   #   #     # #   ###    ##     ##     #      ##       ###
#     #   # #      ##         #  ##   #     #      #     ###
##      #   #  #   #    #    ## #  # #    #     #          #
# #      #  #         # # #   ##   # ##  ## #  #  # #    # #
#       #  #     #   ##       #       #   #   #       #    #
#            #   #    ## #       ##        # #  #     # #  #
#   #     #          #          #       #  #     ##        #
#       #           #  ##        # # # ##   #  # #     # # #
#     #      #       #    # #  ## #     ##            #    #
#  #      #    #     #  #       #    # ##  #   ###         #
#           #       # ##                  #    #     #     #
####     ##    #     #  ##  #   #  ###   #  #   #      #   #
#  #   #    #  #  #   #  #  #         # #   #      #       #
#   # #      ##          #    # #  #  #    #      #     #  #
#    #   #  ##     ##       ##                           # #
#  #   #      #            #  #  #       #        # #    ###
##    #                     ##    #  #     #        ##     #
#   # #    # #   #  #  #  #   ####  # ##    ###       #    #
#          #       ##  # #  #  #  #   # #  #    #      #   #
#   # #   #  #                        #          ##   ##   #
##  # ##              # # ##                 ###          ##
###  #            #           ##   #  ##                 # #
##                                                    # #  #
#################################o##########################